// Jest Snapshot v1, https://goo.gl/fbAQLP

exports[`throws if orderId isn't supplied 1`] = `"You must provide orderId, paymentId, and shopId arguments"`;

exports[`throws if paymentId isn't supplied 1`] = `"You must provide orderId, paymentId, and shopId arguments"`;

exports[`throws if shopId isn't supplied 1`] = `"You must provide orderId, paymentId, and shopId arguments"`;

exports[`throws if the order doesn't exist 1`] = `"Order not found"`;

exports[`throws if the payment doesn't exist 1`] = `"Payment not found"`;
