// Jest Snapshot v1, https://goo.gl/fbAQLP

exports[`ClickToCopy snapshot test 1`] = `
<span
  className="rui"
  onMouseOut={[Function]}
  onMouseOver={[Function]}
  style={
    Object {
      "display": "inline-flex",
    }
  }
>
  <undefined
    attachement="middle left"
    tooltipContent={null}
  >
    <CopyToClipboard
      onCopy={[Function]}
      text="Text to copy to clipboard"
    >
      <span>
        Text to display
      </span>
    </CopyToClipboard>
  </undefined>
</span>
`;
